../Core/Src/led_HALSYSTICK_TIM.c:44:6:led_main	8	static
../Core/Src/led_HALSYSTICK_TIM.c:89:6:button0_toggle	8	static
../Core/Src/led_HALSYSTICK_TIM.c:108:6:led_all_on	8	static
../Core/Src/led_HALSYSTICK_TIM.c:118:6:led_all_off	8	static
../Core/Src/led_HALSYSTICK_TIM.c:127:6:led_keepon_up	8	static
../Core/Src/led_HALSYSTICK_TIM.c:150:6:led_keepon_down	8	static
../Core/Src/led_HALSYSTICK_TIM.c:173:6:led_on_up	8	static
../Core/Src/led_HALSYSTICK_TIM.c:191:6:led_on_down	8	static
../Core/Src/led_HALSYSTICK_TIM.c:214:6:flower_on	8	static
../Core/Src/led_HALSYSTICK_TIM.c:235:6:flower_off	8	static
