../Core/Src/main.c:134:6:HAL_SYSTICK_Handler	4	static
../Core/Src/main.c:157:1:__io_putchar	16	static
../Core/Src/main.c:170:13:HAL_TIM_PeriodElapsedCallback	16	static
../Core/Src/main.c:191:6:delay_us	16	static
../Core/Src/main.c:206:5:main	8	static
../Core/Src/main.c:289:6:SystemClock_Config	88	static
../Core/Src/main.c:336:13:MX_ETH_Init	8	static
../Core/Src/main.c:385:13:MX_I2C1_Init	8	static
../Core/Src/main.c:433:13:MX_RTC_Init	32	static
../Core/Src/main.c:496:13:MX_TIM2_Init	64	static
../Core/Src/main.c:555:13:MX_TIM3_Init	32	static
../Core/Src/main.c:603:13:MX_TIM4_Init	64	static
../Core/Src/main.c:662:13:MX_TIM5_Init	64	static
../Core/Src/main.c:721:13:MX_TIM6_Init	16	static
../Core/Src/main.c:759:13:MX_TIM10_Init	8	static
../Core/Src/main.c:790:13:MX_TIM11_Init	8	static
../Core/Src/main.c:821:13:MX_TIM13_Init	8	static
../Core/Src/main.c:852:13:MX_USART3_UART_Init	8	static
../Core/Src/main.c:885:13:MX_USART6_UART_Init	8	static
../Core/Src/main.c:918:13:MX_USB_OTG_FS_PCD_Init	8	static
../Core/Src/main.c:953:13:MX_GPIO_Init	64	static
../Core/Src/main.c:1087:6:Error_Handler	4	static,ignoring_inline_asm
