../Core/Src/stm32f4xx_hal_msp.c:65:6:HAL_MspInit	16	static
../Core/Src/stm32f4xx_hal_msp.c:87:6:HAL_ETH_MspInit	64	static
../Core/Src/stm32f4xx_hal_msp.c:154:6:HAL_ETH_MspDeInit	16	static
../Core/Src/stm32f4xx_hal_msp.c:196:6:HAL_I2C_MspInit	48	static
../Core/Src/stm32f4xx_hal_msp.c:232:6:HAL_I2C_MspDeInit	16	static
../Core/Src/stm32f4xx_hal_msp.c:263:6:HAL_RTC_MspInit	64	static
../Core/Src/stm32f4xx_hal_msp.c:296:6:HAL_RTC_MspDeInit	16	static
../Core/Src/stm32f4xx_hal_msp.c:318:6:HAL_TIM_Base_MspInit	48	static
../Core/Src/stm32f4xx_hal_msp.c:424:6:HAL_TIM_IC_MspInit	48	static
../Core/Src/stm32f4xx_hal_msp.c:456:6:HAL_TIM_MspPostInit	48	static
../Core/Src/stm32f4xx_hal_msp.c:529:6:HAL_TIM_Base_MspDeInit	16	static
../Core/Src/stm32f4xx_hal_msp.c:635:6:HAL_TIM_IC_MspDeInit	16	static
../Core/Src/stm32f4xx_hal_msp.c:665:6:HAL_UART_MspInit	56	static
../Core/Src/stm32f4xx_hal_msp.c:731:6:HAL_UART_MspDeInit	16	static
../Core/Src/stm32f4xx_hal_msp.c:782:6:HAL_PCD_MspInit	48	static
../Core/Src/stm32f4xx_hal_msp.c:826:6:HAL_PCD_MspDeInit	16	static
